[     822ms] [INFO] %cDownload the React DevTools for a better development experience: https://react.dev/link/react-devtools font-weight:bold @ http://localhost:3000/_next/static/chunks/a9ad5_next_dist_470c5529._.js:2297
[     882ms] [LOG] [HMR] connected @ http://localhost:3000/_next/static/chunks/a9ad5_next_dist_470c5529._.js:2297
[     916ms] [ERROR] Failed to load resource: the server responded with a status of 401 (Unauthorized) @ http://localhost:3000/api/instagram/profile:0
[    6218ms] [ERROR] Failed to load resource: the server responded with a status of 401 (Unauthorized) @ http://localhost:3000/api/instagram/media:0
[   97815ms] [LOG] [Fast Refresh] rebuilding @ http://localhost:3000/_next/static/chunks/a9ad5_next_dist_470c5529._.js:2297
[   97858ms] [LOG] [Fast Refresh] done in 114ms @ http://localhost:3000/_next/static/chunks/a9ad5_next_dist_470c5529._.js:2297
[  182217ms] [LOG] [Fast Refresh] rebuilding @ http://localhost:3000/_next/static/chunks/a9ad5_next_dist_470c5529._.js:2297
[  182502ms] [LOG] [Fast Refresh] done in 362ms @ http://localhost:3000/_next/static/chunks/a9ad5_next_dist_470c5529._.js:2297
[  182557ms] [ERROR] Failed to load resource: the server responded with a status of 401 (Unauthorized) @ http://localhost:3000/api/instagram/profile:0
[  194099ms] [INFO] %cDownload the React DevTools for a better development experience: https://react.dev/link/react-devtools font-weight:bold @ http://localhost:3000/_next/static/chunks/a9ad5_next_dist_470c5529._.js:2297
[  194114ms] [LOG] [HMR] connected @ http://localhost:3000/_next/static/chunks/a9ad5_next_dist_470c5529._.js:2297
[  194157ms] [ERROR] Failed to load resource: the server responded with a status of 401 (Unauthorized) @ http://localhost:3000/api/instagram/profile:0
[  230981ms] [VERBOSE] [DOM] Input elements should have autocomplete attributes (suggested: "current-password"): (More info: https://goo.gl/9p2vKq) %o @ https://www.facebook.com/login.php?skip_api_login=1&api_key=1877335786279603&kid_directed_site=0&app_id=1877335786279603&signed_next=1&next=https%3A%2F%2Fwww.facebook.com%2Fv19.0%2Fdialog%2Foauth%3Fclient_id%3D1877335786279603%26redirect_uri%3Dhttp%253A%252F%252Flocalhost%253A3000%252Fapi%252Finstagram%252Fcallback%26scope%3Dinstagram_basic%252Cinstagram_manage_insights%252Cpages_read_engagement%252Cpages_show_list%252Cbusiness_management%26response_type%3Dcode%26ret%3Dlogin%26fbapp_pres%3D0%26logger_id%3D019d6d5b-1f1a-7c7f-a71a-03e1c26f829a%26tp%3Dunspecified&cancel_url=https%3A%2F%2Flocalhost%3A3000%2Fapi%2Finstagram%2Fcallback%3Ferror%3Daccess_denied%26error_code%3D200%26error_description%3DPermissions%2Berror%26error_reason%3Duser_denied%23_%3D_&display=page&locale=en_GB&pl_dbl=0&is_business_login=1:0
[  233159ms] [LOG] 
%cStop! font-family:helvetica; font-size:20px; font-size:50px; font-weight:bold; color:red; -webkit-text-stroke:1px black; @ https://static.xx.fbcdn.net/rsrc.php/v4/ym/r/D86XEw3a--O.js:255
[  233159ms] [LOG] 
%cThis is a browser feature intended for developers. If someone told you to copy and paste something here to enable a Facebook feature or "hack" someone's account, it's a scam and will give them access to your Facebook account. font-family:helvetica; font-size:20px;  @ https://static.xx.fbcdn.net/rsrc.php/v4/ym/r/D86XEw3a--O.js:255
[  233159ms] [LOG] 
%cSee https://www.facebook.com/selfxss for more information. font-family:helvetica; font-size:20px;  @ https://static.xx.fbcdn.net/rsrc.php/v4/ym/r/D86XEw3a--O.js:255
[  233159ms] [LOG] 
%c  @ https://static.xx.fbcdn.net/rsrc.php/v4/ym/r/D86XEw3a--O.js:255
